---
source: crates/eon/tests/test_format.rs
expression: formatted
---
string: "a string"
integer: 42
float: 1.3
boolean: true
nothing: null
list: ["item1", 1337]
map: {
	key1: 'a string containing "quotes"'
	key2: 42.0
}
